
> rh-api@1.0.0 build
> tsc

check_data.ts(82,36): error TS2551: Property 'skill' does not exist on type '{ resumeId: string; skillId: string; }'. Did you mean 'skillId'?
check_maria_profile.ts(84,36): error TS2551: Property 'skill' does not exist on type '{ resumeId: string; skillId: string; }'. Did you mean 'skillId'?
src/__tests__/internalProfile.service.test.ts(102,9): error TS2353: Object literal may only specify known properties, and 'status' does not exist in type '{ id: string; createdAt: Date; updatedAt: Date; candidateId: string; departmentId: string; employeeCode: string; currentJobTitle: string; managerId: string | null; } | Prisma__InternalProfileClient<{ id: string; ... 6 more ...; managerId: string | null; }, never, DefaultArgs, PrismaClientOptions>'.
src/__tests__/internalProfile.service.test.ts(111,21): error TS2339: Property 'status' does not exist on type '{ id: string; createdAt: Date; updatedAt: Date; candidateId: string; departmentId: string; employeeCode: string; currentJobTitle: string; managerId: string | null; }'.
src/__tests__/internalProfile.service.test.ts(121,9): error TS2353: Object literal may only specify known properties, and 'status' does not exist in type '({ department: { name: string; id: string; }; candidate: { id: string; email: string; fullName: string; }; manager: { id: string; employeeCode: string; currentJobTitle: string; } | null; } & { id: string; ... 6 more ...; managerId: string | null; }) | Prisma__InternalProfileClient<...>'.
src/__tests__/jobApplication.service.test.ts(61,60): error TS2345: Argument of type '{ id: string; title: string; description: null; status: "OPEN"; departmentId: string; createdAt: Date; updatedAt: Date; department: { id: string; name: string; }; }' is not assignable to parameter of type '({ department: { name: string; id: string; }; _count: { applications: number; }; } & { id: string; createdAt: Date; updatedAt: Date; description: string | null; title: string; departmentId: string; status: JobStatus; }) | Promise<...> | null'.
  Type '{ id: string; title: string; description: null; status: "OPEN"; departmentId: string; createdAt: Date; updatedAt: Date; department: { id: string; name: string; }; }' is not assignable to type '{ department: { name: string; id: string; }; _count: { applications: number; }; } & { id: string; createdAt: Date; updatedAt: Date; description: string | null; title: string; departmentId: string; status: JobStatus; }'.
    Property '_count' is missing in type '{ id: string; title: string; description: null; status: "OPEN"; departmentId: string; createdAt: Date; updatedAt: Date; department: { id: string; name: string; }; }' but required in type '{ department: { name: string; id: string; }; _count: { applications: number; }; }'.
src/__tests__/jobApplication.service.test.ts(65,50): error TS2554: Expected 2 arguments, but got 1.
src/__tests__/jobApplication.service.test.ts(76,42): error TS2554: Expected 2 arguments, but got 1.
src/__tests__/jobApplication.service.test.ts(86,42): error TS2554: Expected 2 arguments, but got 1.
src/__tests__/jobApplication.service.test.ts(94,60): error TS2345: Argument of type '{ status: "CLOSED"; id: string; title: string; description: null; departmentId: string; createdAt: Date; updatedAt: Date; department: { id: string; name: string; }; }' is not assignable to parameter of type '({ department: { name: string; id: string; }; _count: { applications: number; }; } & { id: string; createdAt: Date; updatedAt: Date; description: string | null; title: string; departmentId: string; status: JobStatus; }) | Promise<...> | null'.
  Type '{ status: "CLOSED"; id: string; title: string; description: null; departmentId: string; createdAt: Date; updatedAt: Date; department: { id: string; name: string; }; }' is not assignable to type '{ department: { name: string; id: string; }; _count: { applications: number; }; } & { id: string; createdAt: Date; updatedAt: Date; description: string | null; title: string; departmentId: string; status: JobStatus; }'.
    Property '_count' is missing in type '{ status: "CLOSED"; id: string; title: string; description: null; departmentId: string; createdAt: Date; updatedAt: Date; department: { id: string; name: string; }; }' but required in type '{ department: { name: string; id: string; }; _count: { applications: number; }; }'.
src/__tests__/jobApplication.service.test.ts(99,42): error TS2554: Expected 2 arguments, but got 1.
src/__tests__/jobApplication.service.test.ts(107,60): error TS2345: Argument of type '{ id: string; title: string; description: null; status: "OPEN"; departmentId: string; createdAt: Date; updatedAt: Date; department: { id: string; name: string; }; }' is not assignable to parameter of type '({ department: { name: string; id: string; }; _count: { applications: number; }; } & { id: string; createdAt: Date; updatedAt: Date; description: string | null; title: string; departmentId: string; status: JobStatus; }) | Promise<...> | null'.
  Type '{ id: string; title: string; description: null; status: "OPEN"; departmentId: string; createdAt: Date; updatedAt: Date; department: { id: string; name: string; }; }' is not assignable to type '{ department: { name: string; id: string; }; _count: { applications: number; }; } & { id: string; createdAt: Date; updatedAt: Date; description: string | null; title: string; departmentId: string; status: JobStatus; }'.
    Property '_count' is missing in type '{ id: string; title: string; description: null; status: "OPEN"; departmentId: string; createdAt: Date; updatedAt: Date; department: { id: string; name: string; }; }' but required in type '{ department: { name: string; id: string; }; _count: { applications: number; }; }'.
src/__tests__/jobApplication.service.test.ts(110,42): error TS2554: Expected 2 arguments, but got 1.
src/__tests__/jobPosition.service.test.ts(29,64): error TS2322: Type '{ id: string; title: string; description: string; status: "OPEN"; departmentId: string; createdAt: Date; updatedAt: Date; department: { id: string; name: string; }; }' is not assignable to type '{ department: { name: string; id: string; }; _count: { applications: number; }; } & { id: string; createdAt: Date; updatedAt: Date; description: string | null; title: string; departmentId: string; status: JobStatus; }'.
  Property '_count' is missing in type '{ id: string; title: string; description: string; status: "OPEN"; departmentId: string; createdAt: Date; updatedAt: Date; department: { id: string; name: string; }; }' but required in type '{ department: { name: string; id: string; }; _count: { applications: number; }; }'.
src/__tests__/jobPosition.service.test.ts(41,58): error TS2345: Argument of type '{ id: string; title: string; description: string; status: "OPEN"; departmentId: string; createdAt: Date; updatedAt: Date; department: { id: string; name: string; }; }' is not assignable to parameter of type '({ department: { name: string; id: string; }; _count: { applications: number; }; } & { id: string; createdAt: Date; updatedAt: Date; description: string | null; title: string; departmentId: string; status: JobStatus; }) | Promise<...>'.
  Type '{ id: string; title: string; description: string; status: "OPEN"; departmentId: string; createdAt: Date; updatedAt: Date; department: { id: string; name: string; }; }' is not assignable to type '{ department: { name: string; id: string; }; _count: { applications: number; }; } & { id: string; createdAt: Date; updatedAt: Date; description: string | null; title: string; departmentId: string; status: JobStatus; }'.
    Property '_count' is missing in type '{ id: string; title: string; description: string; status: "OPEN"; departmentId: string; createdAt: Date; updatedAt: Date; department: { id: string; name: string; }; }' but required in type '{ department: { name: string; id: string; }; _count: { applications: number; }; }'.
src/__tests__/jobPosition.service.test.ts(65,60): error TS2345: Argument of type '{ id: string; title: string; description: string; status: "OPEN"; departmentId: string; createdAt: Date; updatedAt: Date; department: { id: string; name: string; }; }' is not assignable to parameter of type '({ department: { name: string; id: string; }; _count: { applications: number; }; } & { id: string; createdAt: Date; updatedAt: Date; description: string | null; title: string; departmentId: string; status: JobStatus; }) | Promise<...> | null'.
  Type '{ id: string; title: string; description: string; status: "OPEN"; departmentId: string; createdAt: Date; updatedAt: Date; department: { id: string; name: string; }; }' is not assignable to type '{ department: { name: string; id: string; }; _count: { applications: number; }; } & { id: string; createdAt: Date; updatedAt: Date; description: string | null; title: string; departmentId: string; status: JobStatus; }'.
    Property '_count' is missing in type '{ id: string; title: string; description: string; status: "OPEN"; departmentId: string; createdAt: Date; updatedAt: Date; department: { id: string; name: string; }; }' but required in type '{ department: { name: string; id: string; }; _count: { applications: number; }; }'.
src/__tests__/jobPosition.service.test.ts(82,60): error TS2345: Argument of type '{ id: string; title: string; description: string; status: "OPEN"; departmentId: string; createdAt: Date; updatedAt: Date; department: { id: string; name: string; }; }' is not assignable to parameter of type '({ department: { name: string; id: string; }; _count: { applications: number; }; } & { id: string; createdAt: Date; updatedAt: Date; description: string | null; title: string; departmentId: string; status: JobStatus; }) | Promise<...> | null'.
  Type '{ id: string; title: string; description: string; status: "OPEN"; departmentId: string; createdAt: Date; updatedAt: Date; department: { id: string; name: string; }; }' is not assignable to type '{ department: { name: string; id: string; }; _count: { applications: number; }; } & { id: string; createdAt: Date; updatedAt: Date; description: string | null; title: string; departmentId: string; status: JobStatus; }'.
    Property '_count' is missing in type '{ id: string; title: string; description: string; status: "OPEN"; departmentId: string; createdAt: Date; updatedAt: Date; department: { id: string; name: string; }; }' but required in type '{ department: { name: string; id: string; }; _count: { applications: number; }; }'.
src/controllers/candidateExternal.controller.ts(10,25): error TS2339: Property 'user' does not exist on type 'Request<ParamsDictionary, any, any, ParsedQs, Record<string, any>>'.
src/controllers/candidateExternal.controller.ts(44,15): error TS2339: Property 'user' does not exist on type 'Request<ParamsDictionary, any, any, ParsedQs, Record<string, any>>'.
src/controllers/candidateExternal.controller.ts(45,26): error TS2339: Property 'user' does not exist on type 'Request<ParamsDictionary, any, any, ParsedQs, Record<string, any>>'.
src/controllers/candidateInternal.controller.ts(16,57): error TS2345: Argument of type 'string | string[]' is not assignable to parameter of type 'string'.
  Type 'string[]' is not assignable to type 'string'.
src/controllers/candidateInternal.controller.ts(25,55): error TS2345: Argument of type 'string | string[]' is not assignable to parameter of type 'string'.
  Type 'string[]' is not assignable to type 'string'.
src/controllers/candidateInternal.controller.ts(34,37): error TS2345: Argument of type 'string | string[]' is not assignable to parameter of type 'string'.
  Type 'string[]' is not assignable to type 'string'.
src/controllers/jobPositionAvailable.controller.ts(21,53): error TS2345: Argument of type 'string | string[]' is not assignable to parameter of type 'string'.
  Type 'string[]' is not assignable to type 'string'.
src/dto/internalProfile.dto.ts(1,10): error TS2305: Module '"@prisma/client"' has no exported member 'TerminationReason'.
src/dto/internalProfile.dto.ts(1,29): error TS2305: Module '"@prisma/client"' has no exported member 'EmploymentStatus'.
src/repositories/internalProfile.repository.ts(1,10): error TS2305: Module '"@prisma/client"' has no exported member 'TerminationReason'.
src/repositories/internalProfile.repository.ts(24,18): error TS2353: Object literal may only specify known properties, and 'status' does not exist in type 'InternalProfileWhereInput'.
src/repositories/internalProfile.repository.ts(67,9): error TS2353: Object literal may only specify known properties, and 'status' does not exist in type '(Without<InternalProfileUpdateInput, InternalProfileUncheckedUpdateInput> & InternalProfileUncheckedUpdateInput) | (Without<...> & InternalProfileUpdateInput)'.
src/repositories/jobApplication.repository.ts(45,20): error TS2353: Object literal may only specify known properties, and 'createdAt' does not exist in type 'JobApplicationOrderByWithRelationInput | JobApplicationOrderByWithRelationInput[]'.
src/services/internalProfile.service.ts(5,10): error TS2305: Module '"@prisma/client"' has no exported member 'TerminationReason'.
src/services/internalProfile.service.ts(153,19): error TS2339: Property 'status' does not exist on type '{ department: { name: string; id: string; }; candidate: { id: string; email: string; fullName: string; }; manager: { id: string; employeeCode: string; currentJobTitle: string; } | null; } & { id: string; ... 6 more ...; managerId: string | null; }'.
src/services/internalProfile.service.ts(213,19): error TS2339: Property 'status' does not exist on type '{ department: { name: string; id: string; }; candidate: { id: string; email: string; fullName: string; }; manager: { id: string; employeeCode: string; currentJobTitle: string; } | null; } & { id: string; ... 6 more ...; managerId: string | null; }'.
src/services/internalProfile.service.ts(250,17): error TS2339: Property 'status' does not exist on type '{ department: { name: string; id: string; }; candidate: { id: string; email: string; fullName: string; }; manager: { id: string; employeeCode: string; currentJobTitle: string; } | null; } & { id: string; ... 6 more ...; managerId: string | null; }'.
src/services/jobApplication.service.ts(101,9): error TS2322: Type 'string' is not assignable to type 'ApplicationStage | EnumApplicationStageFieldUpdateOperationsInput | undefined'.
temp-admin.ts(20,9): error TS2353: Object literal may only specify known properties, and 'password' does not exist in type '(Without<UserCreateInput, UserUncheckedCreateInput> & UserUncheckedCreateInput) | (Without<...> & UserCreateInput)'.
verify_joao.ts(89,36): error TS2551: Property 'skill' does not exist on type '{ resumeId: string; skillId: string; }'. Did you mean 'skillId'?
verify_joao.ts(99,43): error TS18048: 'candidate.resume.educations.length' is possibly 'undefined'.
